\BOOKMARK [1][-]{section.1}{\376\377\000I\000n\000t\000r\000o\000d\000u\000c\000t\000i\000o\000n}{}% 1
\BOOKMARK [1][-]{section.2}{\376\377\000L\000i\000t\000e\000r\000a\000t\000u\000r\000e\000\040\000r\000e\000v\000i\000e\000w}{}% 2
\BOOKMARK [2][-]{subsection.2.1}{\376\377\000G\000r\000o\000w\000t\000h\000-\000a\000t\000-\000R\000i\000s\000k\000\040\000f\000r\000a\000m\000e\000w\000o\000r\000k}{section.2}% 3
\BOOKMARK [1][-]{section.3}{\376\377\000D\000a\000t\000a\000\040\000a\000n\000d\000\040\000k\000e\000y\000\040\000v\000a\000r\000i\000a\000b\000l\000e\000s}{}% 4
\BOOKMARK [2][-]{subsection.3.1}{\376\377\000D\000a\000t\000a}{section.3}% 5
\BOOKMARK [2][-]{subsection.3.2}{\376\377\000K\000e\000y\000\040\000v\000a\000r\000i\000a\000b\000l\000e\000s}{section.3}% 6
\BOOKMARK [3][-]{subsubsection.3.2.1}{\376\377\000F\000i\000n\000a\000n\000c\000i\000a\000l\000\040\000C\000y\000c\000l\000e\000\040\000I\000n\000d\000e\000x}{subsection.3.2}% 7
\BOOKMARK [3][-]{subsubsection.3.2.2}{\376\377\000F\000i\000n\000a\000n\000c\000i\000a\000l\000\040\000C\000o\000n\000d\000i\000t\000i\000o\000n\000s\000\040\000I\000n\000d\000e\000x}{subsection.3.2}% 8
\BOOKMARK [3][-]{subsubsection.3.2.3}{\376\377\000M\000a\000c\000r\000o\000e\000c\000o\000n\000o\000m\000i\000c\000\040\000i\000n\000d\000i\000c\000a\000t\000o\000r}{subsection.3.2}% 9
\BOOKMARK [3][-]{subsubsection.3.2.4}{\376\377\000M\000a\000c\000r\000o\000p\000r\000u\000d\000e\000n\000t\000i\000a\000l\000\040\000P\000o\000l\000i\000c\000y\000\040\000I\000n\000d\000e\000x}{subsection.3.2}% 10
\BOOKMARK [1][-]{section.4}{\376\377\000B\000a\000c\000k\000g\000r\000o\000u\000n\000d}{}% 11
\BOOKMARK [2][-]{subsection.4.1}{\376\377\000M\000a\000c\000r\000o\000p\000r\000u\000d\000e\000n\000t\000i\000a\000l\000\040\000p\000o\000l\000i\000c\000y\000\040\000u\000s\000e\000s}{section.4}% 12
\BOOKMARK [2][-]{subsection.4.2}{\376\377\000M\000a\000t\000e\000r\000i\000a\000l\000i\000z\000a\000t\000i\000o\000n\000\040\000o\000f\000\040\000r\000i\000s\000k\000s}{section.4}% 13
\BOOKMARK [1][-]{section.5}{\376\377\000M\000e\000t\000h\000o\000d\000o\000l\000o\000g\000y}{}% 14
\BOOKMARK [2][-]{subsection.5.1}{\376\377\000P\000a\000n\000e\000l\000\040\000q\000u\000a\000n\000t\000i\000l\000e\000\040\000r\000e\000g\000r\000e\000s\000s\000i\000o\000n}{section.5}% 15
\BOOKMARK [2][-]{subsection.5.2}{\376\377\000Q\000u\000a\000n\000t\000i\000l\000e\000\040\000r\000e\000g\000r\000e\000s\000s\000i\000o\000n\000\040\000f\000o\000r\000\040\000A\000r\000m\000e\000n\000i\000a\000\040\000\050\000l\000o\000c\000a\000l\000\040\000m\000o\000d\000e\000l\000\051}{section.5}% 16
\BOOKMARK [2][-]{subsection.5.3}{\376\377\000P\000a\000r\000a\000m\000e\000t\000r\000i\000c\000\040\000f\000i\000t}{section.5}% 17
\BOOKMARK [2][-]{subsection.5.4}{\376\377\000M\000a\000c\000r\000o\000p\000r\000u\000d\000e\000n\000t\000i\000a\000l\000\040\000s\000t\000a\000n\000c\000e}{section.5}% 18
\BOOKMARK [1][-]{section.6}{\376\377\000R\000e\000s\000u\000l\000t\000s}{}% 19
\BOOKMARK [2][-]{subsection.6.1}{\376\377\000Q\000u\000a\000n\000t\000i\000l\000e\000\040\000r\000e\000g\000r\000e\000s\000s\000i\000o\000n\000\040\000e\000s\000t\000i\000m\000a\000t\000e\000s\000\040\000f\000o\000r\000\040\000p\000a\000n\000e\000l\000\040\000a\000n\000d\000\040\000l\000o\000c\000a\000l\000\040\000m\000o\000d\000e\000l\000s}{section.6}% 20
\BOOKMARK [2][-]{subsection.6.2}{\376\377\000T\000h\000e\000\040\000i\000m\000p\000a\000c\000t\000\040\000o\000f\000\040\000m\000a\000c\000r\000o\000p\000r\000u\000d\000e\000n\000t\000i\000a\000l\000\040\000p\000o\000l\000i\000c\000y\000\040\000o\000n\000\040\000o\000u\000t\000p\000u\000t\000\040\000g\000r\000o\000w\000t\000h\000\040\000d\000i\000s\000t\000r\000i\000b\000u\000t\000i\000o\000n}{section.6}% 21
\BOOKMARK [1][-]{section.7}{\376\377\000M\000a\000c\000r\000o\000p\000r\000u\000d\000e\000n\000t\000i\000a\000l\000\040\000p\000o\000l\000i\000c\000y\000\040\000s\000t\000a\000n\000c\000e}{}% 22
\BOOKMARK [2][-]{subsection.7.1}{\376\377\000D\000i\000s\000t\000a\000n\000c\000e\000-\000t\000o\000-\000t\000a\000i\000l\000\040\000a\000p\000p\000r\000o\000a\000c\000h}{section.7}% 23
\BOOKMARK [2][-]{subsection.7.2}{\376\377\000S\000u\000a\000r\000e\000z\000\040\000w\000e\000l\000f\000a\000r\000e\000\040\000a\000p\000p\000r\000o\000a\000c\000h}{section.7}% 24
\BOOKMARK [2][-]{subsection.7.3}{\376\377\000P\000o\000l\000i\000c\000y\000\040\000s\000i\000m\000u\000l\000a\000t\000i\000o\000n\000\040\000u\000s\000i\000n\000g\000\040\000t\000h\000e\000\040\000m\000o\000d\000e\000l\000\040\000r\000e\000s\000u\000l\000t\000s}{section.7}% 25
\BOOKMARK [1][-]{section.8}{\376\377\000C\000o\000n\000c\000l\000u\000s\000i\000o\000n}{}% 26
\BOOKMARK [1][-]{appendix.A}{\376\377\000S\000u\000a\000r\000e\000z\000\040\000w\000e\000l\000f\000a\000r\000e\000\040\000f\000u\000n\000c\000t\000i\000o\000n}{}% 27
\BOOKMARK [1][-]{appendix.B}{\376\377\000w\000\040\000c\000a\000l\000i\000b\000r\000a\000t\000i\000o\000n\000\040\000r\000e\000s\000u\000l\000t\000s}{}% 28
\BOOKMARK [1][-]{appendix.C}{\376\377\000I\000n\000p\000u\000t\000\040\000d\000a\000t\000a\000\040\000a\000n\000d\000\040\000t\000r\000a\000n\000s\000f\000o\000r\000m\000a\000t\000i\000o\000n\000s}{}% 29
\BOOKMARK [2][-]{subsection.C.1}{\376\377\000D\000a\000t\000a\000\040\000f\000o\000r\000\040\000t\000h\000e\000\040\000p\000a\000n\000e\000l\000\040\000m\000o\000d\000e\000l}{appendix.C}% 30
\BOOKMARK [2][-]{subsection.C.2}{\376\377\000D\000a\000t\000a\000\040\000f\000r\000o\000m\000\040\000t\000h\000e\000\040\000l\000o\000c\000a\000l\000\040\000m\000o\000d\000e\000l}{appendix.C}% 31
\BOOKMARK [1][-]{appendix.D}{\376\377\000A\000d\000d\000i\000t\000i\000o\000n\000a\000l\000\040\000P\000a\000n\000e\000l\000\040\000a\000n\000d\000\040\000l\000o\000c\000a\000l\000\040\000m\000o\000d\000e\000l\000\040\000e\000s\000t\000i\000m\000a\000t\000i\000o\000n\000\040\000r\000e\000s\000u\000l\000t\000s}{}% 32
\BOOKMARK [2][-]{subsection.D.1}{\376\377\000P\000a\000n\000e\000l\000\040\000m\000o\000d\000e\000l\000\040\000e\000s\000t\000i\000m\000a\000t\000i\000o\000n\000\040\000r\000e\000s\000u\000l\000t\000s}{appendix.D}% 33
\BOOKMARK [2][-]{subsection.D.2}{\376\377\000L\000o\000c\000a\000l\000\040\000m\000o\000d\000e\000l\000\040\000e\000s\000t\000i\000m\000a\000t\000i\000o\000n\000\040\000r\000e\000s\000u\000l\000t\000s}{appendix.D}% 34
